// Jest Snapshot v1, https://goo.gl/fbAQLP

exports[`AddFood page should render properly 1`] = `
<Fragment>
  <form
    onSubmit={[Function]}
  >
    <div
      className="sm:grid sm:grid-cols-3 sm:gap-4 sm:items-start sm:border-t sm:border-gray-200 pt-2 pb-2 sm:pt-5  sm:pb-5 undefined"
    >
      <label
        className="block text-sm font-medium text-gray-700 sm:mt-px sm:pt-2"
        htmlFor="last-name"
      >
        <span>
          Food name
        </span>
        <span
          className="text-xs"
        >
          (Pizza)
        </span>
      </label>
      <div>
        <div
          className="mt-1 sm:mt-0 sm:col-span-2"
        >
          <input
            className="max-w-lg block w-full shadow-sm focus:ring-indigo-500 focus:border-indigo-500 sm:max-w-xs sm:text-sm border-gray-300 rounded-md"
            id="last-name"
            name="name"
            onBlur={[Function]}
            onChange={[Function]}
            type="text"
          />
        </div>
      </div>
    </div>
    <div
      className="sm:grid sm:grid-cols-3 sm:gap-4 sm:items-start sm:border-t sm:border-gray-200 pt-2 pb-2 sm:pt-5  sm:pb-5 undefined"
    >
      <label
        className="block text-sm font-medium text-gray-700 sm:mt-px sm:pt-2"
        htmlFor="last-name"
      >
        <span>
          Consume qty  
        </span>
        <span
          className="text-xs"
        >
          (1)
        </span>
      </label>
      <div>
        <div
          className="mt-1 sm:mt-0 sm:col-span-2"
        >
          <input
            className="max-w-lg block w-full shadow-sm focus:ring-indigo-500 focus:border-indigo-500 sm:max-w-xs sm:text-sm border-gray-300 rounded-md"
            id="last-name"
            name="consumedQty"
            onBlur={[Function]}
            onChange={[Function]}
            type="text"
          />
        </div>
      </div>
    </div>
    <div
      className="sm:grid sm:grid-cols-3 sm:gap-4 sm:items-start sm:border-t sm:border-gray-200 pt-2 pb-2 sm:pt-5  sm:pb-5 undefined"
    >
      <label
        className="block text-sm font-medium text-gray-700 sm:mt-px sm:pt-2"
        htmlFor="last-name"
      >
        <span>
          Consumed Calories
        </span>
        <span
          className="text-xs"
        >
          (120)
        </span>
      </label>
      <div>
        <div
          className="mt-1 sm:mt-0 sm:col-span-2"
        >
          <input
            className="max-w-lg block w-full shadow-sm focus:ring-indigo-500 focus:border-indigo-500 sm:max-w-xs sm:text-sm border-gray-300 rounded-md"
            id="last-name"
            name="consumedCalories"
            onBlur={[Function]}
            onChange={[Function]}
            type="text"
          />
        </div>
      </div>
    </div>
    <div
      className="sm:grid sm:grid-cols-3 sm:gap-4 sm:items-start sm:border-t sm:border-gray-200 pt-2 pb-2 sm:pt-5  sm:pb-5 undefined"
    >
      <label
        className="block text-sm font-medium text-gray-700 sm:mt-px sm:pt-2"
        htmlFor="last-name"
      >
        <span>
          Serving unit 
        </span>
        <span
          className="text-xs"
        >
          (Slice)
        </span>
      </label>
      <div>
        <div
          className="mt-1 sm:mt-0 sm:col-span-2"
        >
          <input
            className="max-w-lg block w-full shadow-sm focus:ring-indigo-500 focus:border-indigo-500 sm:max-w-xs sm:text-sm border-gray-300 rounded-md"
            id="last-name"
            name="servingUnit"
            onBlur={[Function]}
            onChange={[Function]}
            type="text"
          />
        </div>
      </div>
    </div>
    <div
      className="sm:grid sm:grid-cols-3 sm:gap-4 sm:items-start sm:border-t sm:border-gray-200 pt-2 pb-2 sm:pt-5  sm:pb-5 undefined"
    >
      <label
        className="block text-sm font-medium text-gray-700 sm:mt-px sm:pt-2"
        htmlFor="last-name"
      >
        <span>
          Consumed weight grams 
        </span>
        <span
          className="text-xs"
        >
          (107)
        </span>
      </label>
      <div>
        <div
          className="mt-1 sm:mt-0 sm:col-span-2"
        >
          <input
            className="max-w-lg block w-full shadow-sm focus:ring-indigo-500 focus:border-indigo-500 sm:max-w-xs sm:text-sm border-gray-300 rounded-md"
            id="last-name"
            name="consumedWeightGrams"
            onBlur={[Function]}
            onChange={[Function]}
            type="text"
          />
        </div>
      </div>
    </div>
    <div
      className="sm:grid sm:grid-cols-3 sm:gap-4 sm:items-start sm:border-t sm:border-gray-200 pt-2 pb-2 sm:pt-5  sm:pb-5 undefined"
    >
      <label
        className="block text-sm font-medium text-gray-700 sm:mt-px sm:pt-2"
        htmlFor="last-name"
      >
        <span>
          Image Url
        </span>
        <span
          className="text-xs"
        />
      </label>
      <div>
        <div
          className="mt-1 sm:mt-0 sm:col-span-2"
        >
          <input
            className="max-w-lg block w-full shadow-sm focus:ring-indigo-500 focus:border-indigo-500 sm:max-w-xs sm:text-sm border-gray-300 rounded-md"
            id="last-name"
            name="imageUrl"
            onBlur={[Function]}
            onChange={[Function]}
            type="text"
          />
        </div>
      </div>
    </div>
    <div
      className="sm:grid sm:grid-cols-3 sm:gap-4 sm:items-start sm:border-t sm:border-gray-200 pt-2 pb-2 sm:pt-5  sm:pb-5"
    >
      <label
        className="block text-sm font-medium text-gray-700 sm:mt-px sm:pt-2"
      >
        <span>
          Select date
        </span>
      </label>
      <div>
        <ForwardRef(LoadableComponent)
          onSelect={[Function]}
        />
      </div>
    </div>
    <div
      className=" w-full flex justify-center"
    >
      <button
        className="w-full md:w-5/12 mt-2 bg-blue-500 rounded-lg font-bold text-white text-center px-4 py-3 transition duration-300 ease-in-out hover:bg-blue-600"
        type="submit"
      >
        Add
      </button>
    </div>
  </form>
</Fragment>
`;
