// Jest Snapshot v1, https://goo.gl/fbAQLP

exports[`InviteFriend page should render properly 1`] = `
<div
  className="py-16 sm:py-24 flex justify-center"
>
  <div
    className="relative sm:py-16 md:w-2/4"
  >
    <div
      className="mx-auto max-w-md px-4 sm:max-w-3xl sm:px-6 lg:max-w-7xl lg:px-8"
    >
      <div
        className="relative rounded-2xl px-6 py-10 bg-indigo-600 overflow-hidden shadow-xl sm:px-12 sm:py-20"
      >
        <div
          aria-hidden="true"
          className="absolute inset-0 -mt-72 sm:-mt-32 md:mt-0"
        >
          <svg
            className="absolute inset-0 h-full w-full"
            fill="none"
            preserveAspectRatio="xMidYMid slice"
            viewBox="0 0 1463 360"
            xmlns="http://www.w3.org/2000/svg"
          >
            <path
              className="text-indigo-500 text-opacity-40"
              d="M-82.673 72l1761.849 472.086-134.327 501.315-1761.85-472.086z"
              fill="currentColor"
            />
            <path
              className="text-indigo-700 text-opacity-40"
              d="M-217.088 544.086L1544.761 72l134.327 501.316-1761.849 472.086z"
              fill="currentColor"
            />
          </svg>
        </div>
        <div
          className="relative"
        >
          <div
            className="text-xl  md:text-2xl text-center font-semibold   antialiased text-white"
          >
            Invite your Friend
          </div>
          <form
            onSubmit={[Function]}
          >
            <div
              className="flex flex-col"
            >
              <div
                className=""
              >
                <input
                  className="mt-10 block w-full border border-transparent rounded-md px-5 py-3 text-base text-gray-900 placeholder-gray-500 shadow-sm focus:outline-none focus:border-transparent focus:ring-2 focus:ring-white focus:ring-offset-2 focus:ring-offset-indigo-600"
                  data-test-id="invite-friend-page-name"
                  name="name"
                  onBlur={[Function]}
                  onChange={[Function]}
                  placeholder="Enter Name"
                  type="text"
                />
                <input
                  className="mt-5 mb-5 block w-full border border-transparent rounded-md px-5 py-3 text-base text-gray-900 placeholder-gray-500 shadow-sm focus:outline-none focus:border-transparent focus:ring-2 focus:ring-white focus:ring-offset-2 focus:ring-offset-indigo-600"
                  data-test-id="invite-friend-page-email"
                  name="emailId"
                  onBlur={[Function]}
                  onChange={[Function]}
                  placeholder="Enter email id"
                  type="email"
                />
              </div>
              <div
                className="flex justify-center"
              >
                <button
                  className="block w-full mr-2 md:mr-8 md:w-80 rounded-md border border-transparent py-1 px-5 md:py-3 bg-indigo-500 text-base font-medium text-white shadow hover:bg-indigo-400 focus:outline-none focus:ring-2 focus:ring-white focus:ring-offset-2 focus:ring-offset-indigo-600 sm:px-10"
                  disabled={false}
                  onClick={[Function]}
                  type="button"
                >
                  Go back
                </button>
                <button
                  className="block w-full ml-2 md:w-80 rounded-md border border-transparent px-5 py-3 bg-indigo-500 text-base font-medium text-white shadow hover:bg-indigo-400 focus:outline-none focus:ring-2 focus:ring-white focus:ring-offset-2 focus:ring-offset-indigo-600 sm:px-10"
                  data-test-id="invite-friend-page-btc"
                  disabled={false}
                  type="submit"
                >
                  Invite
                </button>
              </div>
            </div>
          </form>
        </div>
      </div>
    </div>
  </div>
</div>
`;
