// Jest Snapshot v1, https://goo.gl/fbAQLP

exports[`Report page should render properly for Admin 1`] = `
<Fragment>
  <div
    className="mb-5"
    data-test-id="report-page-admin-section"
  >
    <div
      className="border-b border-gray-200"
    >
      <nav
        aria-label="Tabs"
        className="-mb-px flex space-x-8 items-center"
      >
        <a
          className="border-indigo-500 text-indigo-600 whitespace-nowrap py-4 px-1 border-b-2 font-medium text-sm"
          href="#"
          onClick={[Function]}
        >
          Your report
        </a>
        <a
          className="border-indigo-500 text-indigo-600\\", Default: \\"border-transparent text-gray-500 hover:text-gray-700 hover:border-gray-300"
          data-test-id="report-page-admin-report"
          href="#"
          onClick={[Function]}
        >
          All other reports
        </a>
      </nav>
    </div>
  </div>
  <div
    className="w-full md:w-2/4 m-auto text-gray-500 text-center"
  >
    <ForwardRef(LoadableComponent) />
  </div>
</Fragment>
`;

exports[`Report page should render properly for normal user 1`] = `
<Fragment>
  <div
    className="w-8/12 md:w-2/4 m-auto text-gray-500 text-center"
  >
    <ForwardRef(LoadableComponent) />
  </div>
</Fragment>
`;
